Feb 10 10:00:00 Ubuntu-2204 sshd[12345]: Failed password for root from 192.168.1.100 port 22 ssh2
Mon Feb  9 07:21:47 PM CET 2026 Attempting SQL injection: ' OR 1=1 --
Mon Feb  9 07:31:04 PM CET 2026 WARNING: Remote login attempt from 192.168.1.10 for user 'root'
ATTACK DETECTED: SQL INJECTION
2026-02-09 20:07:00 ERROR: Unauthorized access attempt from 192.168.1.100
2026-02-09 20:09:00 ERROR: Unauthorized
2026-02-09 20:16:00 CRITICAL: Root login attempt from 10.0.0.50
2026-02-09 20:30:00 ALERT: Unbanning logic check via Telegram
[2026-02-10 13:25:00] ERROR: Unauthorized access attempt from 192.168.1.100
[2026-02-10 13:42:00] ERROR: Suspicious file access to /etc/shadow
1.2.3.4 - - [10/Feb/2026:20:30:00 +0000] "GET /index.php?id=1 UNION SELECT 1,2,3--" 200 1234
1.2.3.4 - - [10/Feb/2026:20:34:00 +0000] "GET /product.php?id=99 AND (SELECT 1 FROM (SELECT(SLEEP(5)))a)--" 200 123
